lake : error: failed to execute 
`c:\Users\thegi\.elan\toolchains\leanprover--lean4---v4.3.0\bin\lean.exe`: 
unspecified system_category error (error code: 206)
At line:1 char:1
+ lake build 2>&1 | Tee-Object -FilePath build_output.txt | Select-Obje ...
+ ~~~~~~~~~~~~~~~
    + CategoryInfo          : NotSpecified: (error: failed t...rror code:  
   206):String) [], RemoteException
    + FullyQualifiedErrorId : NativeCommandError
 
error: failed to execute 
`c:\Users\thegi\.elan\toolchains\leanprover--lean4---v4.3.0\bin\lean.exe`: 
unspecified system_category error (error code: 206)
error: > LEAN_PATH=.\.lake/packages\std\.lake\build\lib;.\.lake/packages\Qq
\.lake\build\lib;.\.lake/packages\aesop\.lake\build\lib;.\.lake/packages\pr
oofwidgets\.lake\build\lib;.\.lake/packages\Cli\.lake\build\lib;.\.lake/pac
kages\mathlib\.lake\build\lib;.\.lake\build\lib PATH 
c:\Users\thegi\.elan\toolchains\leanprover--lean4---v4.3.0\bin\lean.exe 
.\.\.\CondensedTEL\NullSTH.lean -R .\.\. -o 
.\.lake\build\lib\CondensedTEL\NullSTH.olean -i 
.\.lake\build\lib\CondensedTEL\NullSTH.ilean -c 
.\.lake\build\ir\CondensedTEL\NullSTH.c
error: stdout:
.\.\.\CondensedTEL\NullSTH.lean:1:0: error: expected token
.\.\.\CondensedTEL\NullSTH.lean:5:0: error: invalid 'import' command, it 
must be used in the beginning of the file
error: external command 
`c:\Users\thegi\.elan\toolchains\leanprover--lean4---v4.3.0\bin\lean.exe` 
exited with code 1
error: build cycle detected:
  +CondensedTEL.UIObservationSite:lean.transImports
  +CondensedTEL.PullbackLemmas:lean.transImports
  +CondensedTEL.PullbackLemmas:lean.precompileImports
  +CondensedTEL.PullbackLemmas:deps
  +CondensedTEL.PullbackLemmas:leanArts
  condensed_tel/CondensedTEL:leanLib.leanArts
  +CondensedTEL.UIObservationSite:lean.transImports
error: failed to execute `c:\Users\thegi\.elan\toolchains\leanprover--lean4
---v4.3.0\bin\leanc.exe`: unspecified system_category error (error code: 
87)
[2998/3009] Building CondensedTEL.UIPresheaf
[3019/3030] Building CondensedTEL.NullSTH
[3020/3036] Building CondensedTEL.CFGChainComplex
[3347/3380] Linking Mathlib.CategoryTheory.Abelian.Exact
